
========================================================================
E037 sampling
N = 1366
mean = 0.251581
p00 = 0.000000
p25 = 0.000000
p50 = 0.057308
p75 = 0.436282
p90 = 0.873880
p95 = 0.998007
p99 = 1.000000
p100 = 1.000000

Bins:
0            508   37.19%
0-0.5%        20    1.46%
0.5-1%        18    1.32%
1-5%         118    8.64%
5-15%        156   11.42%
15-25%        76    5.56%
>25%         470   34.41%

========================================================================
E038 mixed-forest sampling
N = 1366
mean = 0.232950
p00 = 0.000000
p25 = 0.000000
p50 = 0.049488
p75 = 0.393207
p90 = 0.878904
p95 = 0.997994
p99 = 1.000000
p100 = 1.000000

Bins:
0            503   36.82%
0-0.5%        18    1.32%
0.5-1%        18    1.32%
1-5%         150   10.98%
5-15%        188   13.76%
15-25%        72    5.27%
>25%         417   30.53%

Changes:
mean: 0.251581 -> 0.232950
